<?xml version="1.0" encoding="UTF-8"?>
<TestRun id="d7cf02c0-b6dd-4b0c-a83e-ed20297163e3" name="Ben@BEN_VIRTUAL_DEV 2012-03-11 00:04:41" runUser="BEN_VIRTUAL_DEV\Ben" xmlns="http://microsoft.com/schemas/VisualStudio/TeamTest/2010">
  <TestSettings name="Local" id="6b0181d3-dd2d-46cd-994b-ee321ed33afe">
    <Description>These are default test settings for a local test run.</Description>
    <Deployment enabled="false" runDeploymentRoot="Ben_BEN_VIRTUAL_DEV 2012-03-11 00_04_41">
      <DeploymentItem filename="C:\repo\Komodo\packages\Iesi.Collections.3.1.0.4000\lib\Net35\Iesi.Collections.dll" />
      <DeploymentItem filename="C:\repo\Komodo\src\Komodo.Scraper\bin\Debug\Komodo.Scraper.dll" />
      <DeploymentItem filename="C:\repo\Komodo\packages\Lucene.Net.2.9.4.1\lib\net40\Lucene.Net.dll" />
      <DeploymentItem filename="C:\repo\Komodo\packages\NHibernate.Search.2.0.2.4000\lib\Net35\NHibernate.Search.dll" />
      <DeploymentItem filename="C:\repo\Komodo\packages\NHibernate.3.1.0.4000\lib\Net35\NHibernate.dll" />
      <DeploymentItem filename="C:\repo\Komodo\packages\NHibernate.Castle.3.1.0.4000\lib\Net35\NHibernate.ByteCode.Castle.dll" />
      <DeploymentItem filename="C:\repo\Komodo\src\Komodo.UnitTest\bin\Debug\HtmlAgilityPack.dll" />
      <DeploymentItem filename="C:\repo\Komodo\packages\Castle.Core.2.5.2\lib\NET35\Castle.Core.dll" />
      <DeploymentItem filename="C:\repo\Komodo\packages\FluentNHibernate.1.2.0.712\lib\FluentNHibernate.dll" />
      <DeploymentItem filename="C:\repo\Komodo\packages\FluentValidation.3.2.0.0\lib\Net40\FluentValidation.dll" />
      <DeploymentItem filename="C:\repo\Komodo\packages\SharpZipLib.0.86.0\lib\20\ICSharpCode.SharpZipLib.dll" />
      <DeploymentItem filename="C:\repo\Komodo\src\Komodo.Core\bin\Debug\Komodo.Core.dll" />
      <DeploymentItem filename="C:\repo\Komodo\src\Komodo.DatabaseBuilder\bin\Debug\Komodo.DatabaseBuilder.dll" />
      <DeploymentItem filename="C:\Program Files (x86)\Microsoft SQL Server Compact Edition\v3.5\Desktop\System.Data.SqlServerCe.dll" />
    </Deployment>
    <Execution>
      <TestTypeSpecific>
        <UnitTestRunConfig testTypeId="13cdc9d9-ddb5-4fa4-a97d-d965ccfc6d4b">
          <AssemblyResolution>
            <TestDirectory useLoadContext="true" />
          </AssemblyResolution>
        </UnitTestRunConfig>
        <WebTestRunConfiguration testTypeId="4e7599fa-5ecb-43e9-a887-cd63cf72d207">
          <Browser name="Internet Explorer 7.0">
            <Headers>
              <Header name="User-Agent" value="Mozilla/4.0 (compatible; MSIE 7.0; Windows NT 5.1)" />
              <Header name="Accept" value="*/*" />
              <Header name="Accept-Language" value="{{$IEAcceptLanguage}}" />
              <Header name="Accept-Encoding" value="GZIP" />
            </Headers>
          </Browser>
        </WebTestRunConfiguration>
      </TestTypeSpecific>
      <AgentRule name="LocalMachineDefaultRole">
      </AgentRule>
    </Execution>
  </TestSettings>
  <Times creation="2012-03-11T00:04:41.2937265+00:00" queuing="2012-03-11T00:04:43.5320078+00:00" start="2012-03-11T00:04:43.6394297+00:00" finish="2012-03-11T00:04:44.3357187+00:00" />
  <ResultSummary outcome="Completed">
    <Counters total="1" executed="1" passed="1" error="0" failed="0" timeout="0" aborted="0" inconclusive="0" passedButRunAborted="0" notRunnable="0" notExecuted="0" disconnected="0" warning="0" completed="0" inProgress="0" pending="0" />
  </ResultSummary>
  <TestDefinitions>
    <UnitTest name="RemoveFileExtentionTestFail" storage="c:\repo\komodo\src\komodo.unittest\bin\debug\komodo.unittest.dll" id="978bc115-5822-3038-b1dc-aafe476ecaa4">
      <Execution id="a75767e7-0992-4f8d-8c15-ba8fab384686" />
      <TestMethod codeBase="C:/repo/Komodo/src/Komodo.UnitTest/bin/Debug/Komodo.UnitTest.DLL" adapterTypeName="Microsoft.VisualStudio.TestTools.TestTypes.Unit.UnitTestAdapter, Microsoft.VisualStudio.QualityTools.Tips.UnitTest.Adapter, Version=10.0.0.0, Culture=neutral, PublicKeyToken=b03f5f7f11d50a3a" className="Komodo.UnitTest.SettingsControllerTest, Komodo.UnitTest, Version=1.0.0.0, Culture=neutral, PublicKeyToken=null" name="RemoveFileExtentionTestFail" />
    </UnitTest>
  </TestDefinitions>
  <TestLists>
    <TestList name="Results Not in a List" id="8c84fa94-04c1-424b-9868-57a2d4851a1d" />
    <TestList name="All Loaded Results" id="19431567-8539-422a-85d7-44ee4e166bda" />
  </TestLists>
  <TestEntries>
    <TestEntry testId="978bc115-5822-3038-b1dc-aafe476ecaa4" executionId="a75767e7-0992-4f8d-8c15-ba8fab384686" testListId="8c84fa94-04c1-424b-9868-57a2d4851a1d" />
  </TestEntries>
  <Results>
    <UnitTestResult executionId="a75767e7-0992-4f8d-8c15-ba8fab384686" testId="978bc115-5822-3038-b1dc-aafe476ecaa4" testName="RemoveFileExtentionTestFail" computerName="BEN_VIRTUAL_DEV" duration="00:00:00.0295886" startTime="2012-03-11T00:04:43.6589609+00:00" endTime="2012-03-11T00:04:44.2947031+00:00" testType="13cdc9d9-ddb5-4fa4-a97d-d965ccfc6d4b" outcome="Passed" testListId="8c84fa94-04c1-424b-9868-57a2d4851a1d" relativeResultsDirectory="a75767e7-0992-4f8d-8c15-ba8fab384686">
    </UnitTestResult>
  </Results>
</TestRun>